// Jest Snapshot v1, https://goo.gl/fbAQLP

exports[`react-native.runfile should match snapshot 1`] = `[Function]`;
