// Jest Snapshot v1, https://goo.gl/fbAQLP

exports[`hapi.runfile should match snapshot 1`] = `[Function]`;
