// Jest Snapshot v1, https://goo.gl/fbAQLP

exports[`react.runfile should match snapshot 1`] = `[Function]`;
