// Jest Snapshot v1, https://goo.gl/fbAQLP

exports[`decorate should match snapshot with command "/usr/local/bin/npm -g outdated --parseable --depth=0" 1`] = `
"
=========================================================
 $ /usr/local/bin/npm -g outdated --parseable --depth=0
=========================================================
"
`;

exports[`decorate should match snapshot with command "brew cask outdated" 1`] = `
"
=======================
 $ brew cask outdated
=======================
"
`;

exports[`decorate should match snapshot with command "cd /Volumes/Data/Workspace/Farmers/logtan-api && git branch placeholder && git checkout placeholder" 1`] = `
"
========================================================================================================
 $ cd /Volumes/Data/Workspace/Farmers/logtan-api && git branch placeholder && git checkout placeholder
========================================================================================================
"
`;

exports[`decorate should match snapshot with command "docker info | grep -E "Containers|Images"" 1`] = `
"
==============================================
 $ docker info | grep -E \\"Containers|Images\\"
==============================================
"
`;

exports[`decorate should match snapshot with command "ls "/Users/hieuvp/Library/Preferences" | grep "^IntelliJIdea"" 1`] = `
"
==================================================================
 $ ls \\"/Users/hieuvp/Library/Preferences\\" | grep \\"^IntelliJIdea\\"
==================================================================
"
`;

exports[`decorate should match snapshot with command "ls -lia" 1`] = `
"
============
 $ ls -lia
============
"
`;

exports[`decorate should match snapshot with command "ls" 1`] = `
"
=======
 $ ls
=======
"
`;

exports[`decorate should match snapshot with command "tree /Volumes/Data/Workspace -L 2 > "/Volumes/Data/Dropbox/Backup/Workspace.txt"" 1`] = `
"
=====================================================================================
 $ tree /Volumes/Data/Workspace -L 2 > \\"/Volumes/Data/Dropbox/Backup/Workspace.txt\\"
=====================================================================================
"
`;

exports[`decorate should match snapshot with command "which atom" 1`] = `
"
===============
 $ which atom
===============
"
`;
