// Jest Snapshot v1, https://goo.gl/fbAQLP

exports[`hapi.utils should match snapshot 1`] = `
Object {
  "glob": Object {
    "getPatternByExtension": [Function],
  },
  "promise": Object {
    "sleep": [Function],
  },
  "shell": Object {
    "decorate": [Function],
    "exec": [Function],
  },
}
`;
