// Jest Snapshot v1, https://goo.gl/fbAQLP

exports[`should match snapshot 1`] = `
Object {
  "extends": Array [
    "airbnb-base",
    "plugin:jest/recommended",
    "plugin:jsdoc/recommended",
    "plugin:node/recommended",
    "plugin:prettier/recommended",
    "plugin:promise/recommended",
    "plugin:security/recommended",
    "airbnb",
    "plugin:import/recommended",
    "plugin:jsx-a11y/recommended",
    "plugin:react/recommended",
    "prettier/react",
  ],
  "plugins": Array [
    "jest",
    "jsdoc",
    "node",
    "optimize-regex",
    "prettier",
    "promise",
    "security",
    "import",
    "jsx-a11y",
    "react",
  ],
  "rules": Object {
    "comma-dangle": Array [
      "error",
      "never",
    ],
    "import/no-extraneous-dependencies": Array [
      "error",
      Object {
        "devDependencies": Array [
          "/runfile.js",
          "/src/**/*.test.js",
          "/src/**/*.spec.js",
          "/packages/**/src/**/*.test.js",
          "/packages/**/src/**/*.spec.js",
        ],
      },
    ],
    "jsdoc/require-param-description": "off",
    "optimize-regex/optimize-regex": "warn",
    "prettier/prettier": Array [
      "error",
      Object {
        "printWidth": 90,
        "singleQuote": true,
      },
    ],
  },
}
`;
